[02:34:59] === SUNNY WORLD started ===
[02:36:12] Saved game
[02:36:28] Saved game
[02:36:28] === SUNNY WORLD closed ===
[02:37:32] Loaded game
[02:37:32] === SUNNY WORLD started ===
[02:37:46] Loaded game
[02:37:46] === SUNNY WORLD started ===
[02:40:47] Ban Hat Ca rot x7 (+$70)
[02:40:59] Ban Hat Ca rot x5 (+$50)
[02:46:04] Loaded game
[02:46:04] === SUNNY WORLD started ===
[02:46:49] Saved game
[02:46:49] === SUNNY WORLD closed ===
[03:00:49] === SUNNY WORLD started ===
[03:01:56] Saved: saves/thao.dat
[03:03:11] Saved: saves/thao.dat
[03:03:11] === SUNNY WORLD closed ===
[03:03:42] === SUNNY WORLD started ===
[03:05:03] Saved: saves/thao.dat
[03:05:03] === SUNNY WORLD closed ===
[03:14:47] === SUNNY WORLD started ===
[03:15:48] Saved: saves/thao.dat
[03:15:48] === SUNNY WORLD closed ===
[03:25:19] === SUNNY WORLD started ===
[03:28:43] Saved: saves/thao.dat
[03:29:07] Saved: saves/thao.dat
[03:40:06] === SUNNY WORLD started ===
[03:41:19] Saved: saves/ADMIN.dat
[03:41:19] === SUNNY WORLD closed ===
[03:43:32] === SUNNY WORLD started ===
[03:44:09] Saved: saves/THU.dat
[03:44:09] === SUNNY WORLD closed ===
[03:53:08] === SUNNY WORLD started ===
[03:53:50] Saved: saves/THU.dat
[03:53:50] === SUNNY WORLD closed ===
[04:05:10] === SUNNY WORLD started ===
[04:05:40] Saved: saves/THU.dat
[04:05:46] Saved: saves/THU.dat
[04:05:46] === SUNNY WORLD closed ===
[04:07:24] === SUNNY WORLD started ===
[04:08:50] Saved: saves/THU.dat
[04:08:50] === SUNNY WORLD closed ===
[04:13:40] === SUNNY WORLD started ===
[04:20:51] Saved: saves/THU.dat
[04:20:51] === SUNNY WORLD closed ===
[04:21:01] === SUNNY WORLD started ===
[04:21:27] Saved: saves/thao.dat
[04:21:27] === SUNNY WORLD closed ===
[04:23:38] === SUNNY WORLD started ===
[04:23:44] === SUNNY WORLD closed ===
[04:25:32] === SUNNY WORLD started ===
[04:28:17] === SUNNY WORLD closed ===
[04:28:25] === SUNNY WORLD started ===
[04:31:13] === SUNNY WORLD closed ===
[04:31:21] === SUNNY WORLD started ===
[04:32:53] === SUNNY WORLD closed ===
[04:33:02] === SUNNY WORLD started ===
[04:33:29] === SUNNY WORLD closed ===
[04:38:25] === SUNNY WORLD started ===
[04:39:13] Saved: saves/THU.dat
[04:39:13] === SUNNY WORLD closed ===
[21:13:07] === SUNNY WORLD started ===
[21:13:38] Saved: saves/ADMIN.dat
[21:13:38] === SUNNY WORLD closed ===
[21:38:25] === SUNNY WORLD started ===
[21:39:00] Saved: saves/ADMIN.dat
[21:39:00] === SUNNY WORLD closed ===
[21:42:30] === SUNNY WORLD started ===
[21:43:43] Saved: saves/ADMIN.dat
[21:43:43] === SUNNY WORLD closed ===
[21:55:31] === SUNNY WORLD started ===
[21:56:52] Saved: saves/ADMIN.dat
[21:56:52] === SUNNY WORLD closed ===
[21:57:34] === SUNNY WORLD started ===
[22:07:53] New day 2
[22:10:25] Saved: saves/ADMIN.dat
[22:10:25] === SUNNY WORLD closed ===
[22:10:41] === SUNNY WORLD started ===
[22:21:34] New day 3
[22:33:29] New day 4
[22:36:24] Saved: saves/ADMIN.dat
[22:36:24] === SUNNY WORLD closed ===
[22:51:21] === SUNNY WORLD started ===
[23:17:36] New day 5
[23:23:06] Saved: saves/ADMIN.dat
[23:23:06] === SUNNY WORLD closed ===
[23:25:21] === SUNNY WORLD started ===
[00:12:03] Saved: saves/ADMIN.dat
[00:12:03] === SUNNY WORLD closed ===
[00:12:28] === SUNNY WORLD started ===
[02:07:04] New day 6
[02:37:25] New day 7
[02:42:25] New day 8
[02:50:11] Saved: saves/ADMIN.dat
[02:50:11] === SUNNY WORLD closed ===
[02:50:31] === SUNNY WORLD started ===
[02:55:54] New day 9
[02:59:27] Saved: saves/ADMIN.dat
[02:59:27] === SUNNY WORLD closed ===
[02:59:37] === SUNNY WORLD started ===
[03:05:22] Saved: saves/ADMIN.dat
[03:05:22] === SUNNY WORLD closed ===
[03:05:37] === SUNNY WORLD started ===
[03:11:47] New day 10
[03:13:24] Saved: saves/ADMIN.dat
[03:13:24] === SUNNY WORLD closed ===
[03:13:35] === SUNNY WORLD started ===
[03:18:27] Saved: saves/ADMIN.dat
[03:18:27] === SUNNY WORLD closed ===
[03:18:39] === SUNNY WORLD started ===
[03:19:00] Saved: saves/ADMIN.dat
[03:19:00] === SUNNY WORLD closed ===
[03:26:39] === SUNNY WORLD started ===
[03:32:43] Saved: saves/ADMIN.dat
[03:32:43] === SUNNY WORLD closed ===
[03:32:56] === SUNNY WORLD started ===
[03:33:07] Saved: saves/ADMIN.dat
[03:33:07] === SUNNY WORLD closed ===
[03:50:20] === SUNNY WORLD started ===
[03:54:19] Saved: saves/ADMIN.dat
[03:54:19] === SUNNY WORLD closed ===
[03:54:35] === SUNNY WORLD started ===
[03:58:14] Saved: saves/ADMIN.dat
[03:58:14] === SUNNY WORLD closed ===
[04:34:14] === SUNNY WORLD started ===
[04:36:21] Saved: saves/ADMIN.dat
[04:36:21] === SUNNY WORLD closed ===
[10:19:09] === SUNNY WORLD started ===
[10:25:09] Saved: saves/ADMIN.dat
[10:25:09] === SUNNY WORLD closed ===
[10:25:18] === SUNNY WORLD started ===
[10:28:20] Saved: saves/ADMIN.dat
[10:28:20] === SUNNY WORLD closed ===
[10:28:27] === SUNNY WORLD started ===
[10:30:05] Saved: saves/ADMIN.dat
[10:30:05] === SUNNY WORLD closed ===
[10:30:12] === SUNNY WORLD started ===
[10:30:28] Saved: saves/ADMIN.dat
[10:30:28] === SUNNY WORLD closed ===
[10:31:53] === SUNNY WORLD started ===
[10:32:17] Saved: saves/thao.dat
[10:32:17] === SUNNY WORLD closed ===
[10:32:25] === SUNNY WORLD started ===
[10:36:37] Saved: saves/ADMIN.dat
[10:36:37] === SUNNY WORLD closed ===
[10:36:48] === SUNNY WORLD started ===
[10:39:04] Saved: saves/ADMIN.dat
[10:39:04] === SUNNY WORLD closed ===
[10:39:11] === SUNNY WORLD started ===
[10:49:23] Saved: saves/ADMIN.dat
[10:49:23] === SUNNY WORLD closed ===
[10:49:33] === SUNNY WORLD started ===
[10:50:51] Saved: saves/ADMIN.dat
[10:50:51] === SUNNY WORLD closed ===
[10:51:00] === SUNNY WORLD started ===
[10:54:03] Saved: saves/ADMIN.dat
[10:54:03] === SUNNY WORLD closed ===
[10:54:19] === SUNNY WORLD started ===
[10:57:21] Saved: saves/ADMIN.dat
[10:57:21] === SUNNY WORLD closed ===
[10:57:28] === SUNNY WORLD started ===
[11:44:22] === SUNNY WORLD started ===
[11:44:28] === SUNNY WORLD closed ===
[11:45:31] Saved: saves/ADMIN.dat
[11:45:31] === SUNNY WORLD closed ===
[11:45:42] === SUNNY WORLD started ===
[11:47:27] === SUNNY WORLD closed ===
[11:47:37] === SUNNY WORLD started ===
[11:50:39] Saved: saves/ADMIN.dat
[11:50:39] === SUNNY WORLD closed ===
[11:52:10] === SUNNY WORLD started ===
[11:57:22] New day 11
[12:02:22] New day 12
[12:07:22] New day 13
[12:11:42] Saved: saves/ADMIN.dat
[12:11:42] === SUNNY WORLD closed ===
[22:13:25] === SUNNY WORLD started ===
[22:15:10] Saved: saves/ADMIN.dat
[22:17:13] Saved: saves/ADMIN.dat
[22:17:13] === SUNNY WORLD closed ===
[22:18:58] === SUNNY WORLD started ===
[22:22:39] Saved: saves/ADMIN.dat
[22:22:39] === SUNNY WORLD closed ===
[22:25:04] === SUNNY WORLD started ===
[22:33:54] New day 14
[22:38:56] New day 15
[22:42:00] Saved: saves/ADMIN.dat
[22:42:00] === SUNNY WORLD closed ===
[20:39:38] === SUNNY WORLD started ===
[20:40:55] Saved: saves/ADMIN.dat
[20:40:55] === SUNNY WORLD closed ===
[20:41:09] === SUNNY WORLD started ===
[20:46:38] New day 16
[20:51:38] New day 17
[20:54:44] Saved: saves/ADMIN.dat
[20:54:44] === SUNNY WORLD closed ===
[20:54:53] === SUNNY WORLD started ===
[21:00:21] New day 18
[21:00:39] Saved: saves/ADMIN.dat
[21:00:39] === SUNNY WORLD closed ===
[21:00:48] === SUNNY WORLD started ===
[21:09:03] Saved: saves/ADMIN.dat
[21:09:03] === SUNNY WORLD closed ===
[21:09:13] === SUNNY WORLD started ===
[21:14:52] New day 19
[21:16:14] Saved: saves/ADMIN.dat
[21:16:14] === SUNNY WORLD closed ===
[21:16:32] === SUNNY WORLD started ===
[21:18:56] Saved: saves/ADMIN.dat
[21:18:56] === SUNNY WORLD closed ===
[21:19:05] === SUNNY WORLD started ===
[21:22:50] Saved: saves/ADMIN.dat
[21:22:50] === SUNNY WORLD closed ===
[21:22:58] === SUNNY WORLD started ===
[21:30:59] New day 20
[21:35:59] New day 21
[21:40:59] New day 22
[21:42:32] Saved: saves/ADMIN.dat
[21:42:32] === SUNNY WORLD closed ===
[21:51:02] === SUNNY WORLD started ===
[21:51:25] Saved: saves/ADMIN.dat
[21:56:21] New day 23
[21:56:31] Saved: saves/ADMIN.dat
[21:56:32] Saved: saves/ADMIN.dat
[22:03:00] New day 24
[22:05:13] Saved: saves/ADMIN.dat
[22:05:13] === SUNNY WORLD closed ===
[22:05:27] === SUNNY WORLD started ===
[22:07:30] Saved: saves/ADMIN.dat
[22:07:30] === SUNNY WORLD closed ===
[22:24:16] === SUNNY WORLD started ===
[22:25:15] === SUNNY WORLD closed ===
[22:25:23] === SUNNY WORLD started ===
[22:33:01] Saved: saves/ADMIN.dat
[22:33:01] === SUNNY WORLD closed ===
[22:33:09] === SUNNY WORLD started ===
[22:35:02] Saved: saves/ADMIN.dat
[22:35:02] === SUNNY WORLD closed ===
[22:35:40] === SUNNY WORLD started ===
[22:39:44] Saved: saves/ADMIN.dat
[22:39:44] === SUNNY WORLD closed ===
[22:50:55] === SUNNY WORLD started ===
[22:54:03] Saved: saves/ADMIN.dat
[22:54:03] === SUNNY WORLD closed ===
[23:16:11] === SUNNY WORLD started ===
[23:22:10] Saved: saves/ADMIN.dat
[23:22:10] === SUNNY WORLD closed ===
[23:22:18] === SUNNY WORLD started ===
[23:25:26] Saved: saves/ADMIN.dat
[23:25:26] === SUNNY WORLD closed ===
[23:25:34] === SUNNY WORLD started ===
[23:28:08] Saved: saves/ADMIN.dat
[23:29:00] Saved: saves/THAO.dat
[23:29:00] === SUNNY WORLD closed ===
[00:25:38] === SUNNY WORLD started ===
[00:28:06] Saved: saves/ADMIN.dat
[00:28:06] === SUNNY WORLD closed ===
[00:29:34] === SUNNY WORLD started ===
[00:36:20] === SUNNY WORLD closed ===
[00:40:12] === SUNNY WORLD started ===
[00:40:50] === SUNNY WORLD closed ===
[00:42:05] === SUNNY WORLD started ===
[00:43:51] Saved: saves/ADMIN.dat
[00:44:18] === SUNNY WORLD closed ===
[00:44:29] === SUNNY WORLD started ===
[00:51:51] === SUNNY WORLD closed ===
[00:52:05] === SUNNY WORLD started ===
[00:56:02] === SUNNY WORLD closed ===
[00:56:14] === SUNNY WORLD started ===
[00:56:21] === SUNNY WORLD closed ===
[00:56:51] === SUNNY WORLD started ===
[00:59:32] Saved: saves/ADMIN.dat
[00:59:32] === SUNNY WORLD closed ===
[00:59:43] === SUNNY WORLD started ===
[01:00:22] Saved: saves/ADMIN.dat
[01:03:44] Saved: saves/ADMIN.dat
[01:03:44] === SUNNY WORLD closed ===
[01:03:57] === SUNNY WORLD started ===
[01:04:53] Saved: saves/ADMIN.dat
[01:04:53] === SUNNY WORLD closed ===
[01:05:16] === SUNNY WORLD started ===
[01:05:24] === SUNNY WORLD closed ===
[01:15:51] === SUNNY WORLD started ===
[01:18:18] Saved: saves/ADMIN.dat
[01:18:18] === SUNNY WORLD closed ===
[01:18:58] === SUNNY WORLD started ===
[01:20:38] === SUNNY WORLD closed ===
[01:20:54] === SUNNY WORLD started ===
[01:21:43] Saved: saves/ADMIN.dat
[01:21:53] Saved: saves/ADMIN.dat
[01:21:54] Saved: saves/ADMIN.dat
[01:21:57] === SUNNY WORLD closed ===
[01:30:36] === SUNNY WORLD started ===
[01:43:43] Saved: saves/ADMIN.dat
[01:43:49] Saved: saves/ADMIN.dat
[01:43:53] Saved: saves/ADMIN.dat
[01:43:53] === SUNNY WORLD closed ===
[01:44:11] === SUNNY WORLD started ===
[01:48:44] Saved: saves/ADMIN.dat
[01:48:44] === SUNNY WORLD closed ===
[01:48:55] === SUNNY WORLD started ===
[01:54:05] New day 25
[01:55:58] Saved: saves/ADMIN.dat
[01:55:58] === SUNNY WORLD closed ===
[01:56:10] === SUNNY WORLD started ===
[02:08:08] Saved: saves/ADMIN.dat
[02:08:08] === SUNNY WORLD closed ===
[02:08:19] === SUNNY WORLD started ===
[02:08:50] Saved: saves/ADMIN.dat
[02:14:15] New day 26
[02:18:12] Saved: saves/ADMIN.dat
[02:18:12] === SUNNY WORLD closed ===
[02:18:30] === SUNNY WORLD started ===
[02:18:49] Saved: saves/ADMIN.dat
[02:29:03] Saved: saves/ADMIN.dat
[02:29:03] === SUNNY WORLD closed ===
[02:29:23] === SUNNY WORLD started ===
[02:29:47] Saved: saves/ADMIN.dat
[02:36:00] New day 27
[02:40:07] Saved: saves/ADMIN.dat
[02:40:07] === SUNNY WORLD closed ===
[02:40:26] === SUNNY WORLD started ===
[02:45:35] New day 28
[02:48:52] Saved: saves/ADMIN.dat
[02:49:19] Saved: saves/ADMIN.dat
[02:49:19] === SUNNY WORLD closed ===
[02:49:37] === SUNNY WORLD started ===
[02:55:36] Saved: saves/ADMIN.dat
[02:55:36] === SUNNY WORLD closed ===
[02:55:53] === SUNNY WORLD started ===
[03:03:38] Saved: saves/ADMIN.dat
[03:03:38] === SUNNY WORLD closed ===
[03:03:55] === SUNNY WORLD started ===
[03:05:53] Saved: saves/ADMIN.dat
[03:05:53] === SUNNY WORLD closed ===
[03:07:24] === SUNNY WORLD started ===
[03:13:36] New day 29
[03:16:01] Saved: saves/ADMIN.dat
[03:16:01] === SUNNY WORLD closed ===
[03:16:16] === SUNNY WORLD started ===
[03:17:35] Saved: saves/ADMIN.dat
[03:17:37] Saved: saves/ADMIN.dat
[03:17:37] Saved: saves/ADMIN.dat
[03:17:38] Saved: saves/ADMIN.dat
[03:17:38] Saved: saves/ADMIN.dat
[03:17:39] Saved: saves/ADMIN.dat
[03:20:49] Saved: saves/ADMIN.dat
[03:20:49] === SUNNY WORLD closed ===
[03:21:03] === SUNNY WORLD started ===
[03:36:24] Saved: saves/ADMIN.dat
[03:36:24] === SUNNY WORLD closed ===
[03:36:38] === SUNNY WORLD started ===
[03:50:20] Saved: saves/ADMIN.dat
[03:50:20] === SUNNY WORLD closed ===
[03:50:37] === SUNNY WORLD started ===
[03:55:02] Saved: saves/ADMIN.dat
[03:55:45] === SUNNY WORLD closed ===
[03:55:58] === SUNNY WORLD started ===
[03:56:12] Saved: saves/ADMIN.dat
[03:58:33] Saved: saves/TRY.dat
[03:58:33] === SUNNY WORLD closed ===
[03:58:54] === SUNNY WORLD started ===
[04:00:57] Saved: saves/TRY.dat
[04:00:57] === SUNNY WORLD closed ===
[04:01:12] === SUNNY WORLD started ===
[04:07:20] Saved: saves/ADMIN.dat
[04:07:20] === SUNNY WORLD closed ===
[04:07:30] === SUNNY WORLD started ===
[04:08:44] Saved: saves/TRY.dat
[04:08:44] === SUNNY WORLD closed ===
[04:08:52] === SUNNY WORLD started ===
[04:14:42] New day 30
[04:17:00] Saved: saves/TRY.dat
[04:17:00] === SUNNY WORLD closed ===
[04:24:42] === SUNNY WORLD started ===
[04:26:07] Saved: saves/ADMIN.dat
[04:26:07] === SUNNY WORLD closed ===
[04:26:21] === SUNNY WORLD started ===
[04:26:45] Saved: saves/TRY.dat
[04:26:45] === SUNNY WORLD closed ===
[04:29:51] === SUNNY WORLD started ===
[04:32:15] Saved: saves/ADMIN.dat
[04:32:15] === SUNNY WORLD closed ===
[04:32:24] === SUNNY WORLD started ===
[04:33:08] Saved: saves/TRY.dat
[04:34:13] Saved: saves/TRY.dat
[04:34:13] === SUNNY WORLD closed ===
[04:34:20] === SUNNY WORLD started ===
[04:41:23] Saved: saves/TRY.dat
[04:41:23] === SUNNY WORLD closed ===
[04:41:30] === SUNNY WORLD started ===
[04:46:39] New day 31
[04:48:13] Saved: saves/TRY.dat
[04:48:13] === SUNNY WORLD closed ===
[04:50:04] === SUNNY WORLD started ===
[04:53:09] Saved: saves/TRY.dat
[04:53:09] === SUNNY WORLD closed ===
[04:53:16] === SUNNY WORLD started ===
[04:54:08] Saved: saves/TRY.dat
[04:54:08] === SUNNY WORLD closed ===
[04:54:18] === SUNNY WORLD started ===
[04:55:27] Saved: saves/TRY.dat
[04:55:27] === SUNNY WORLD closed ===
[04:55:34] === SUNNY WORLD started ===
[04:56:09] Saved: saves/TRY.dat
[04:56:09] === SUNNY WORLD closed ===
[04:56:30] === SUNNY WORLD started ===
[04:57:03] Saved: saves/TRY.dat
[04:57:03] === SUNNY WORLD closed ===
[04:57:10] === SUNNY WORLD started ===
[04:57:41] Saved: saves/TRY.dat
[04:57:41] === SUNNY WORLD closed ===
[04:57:48] === SUNNY WORLD started ===
[04:58:32] Saved: saves/TRY.dat
[04:58:32] === SUNNY WORLD closed ===
[04:59:27] === SUNNY WORLD started ===
[05:07:40] Saved: saves/TRY.dat
[05:07:41] === SUNNY WORLD closed ===
[05:18:50] === SUNNY WORLD started ===
[05:22:07] Saved: saves/TRY.dat
[05:22:07] === SUNNY WORLD closed ===
[05:23:01] === SUNNY WORLD started ===
[05:24:30] Saved: saves/TRY.dat
[05:24:30] === SUNNY WORLD closed ===
[05:24:38] === SUNNY WORLD started ===
[05:26:04] Saved: saves/TRY.dat
[05:26:04] === SUNNY WORLD closed ===
[05:26:49] === SUNNY WORLD started ===
[05:29:37] Saved: saves/TRY.dat
[05:29:37] === SUNNY WORLD closed ===
[05:31:49] === SUNNY WORLD started ===
[05:32:48] Saved: saves/TRY.dat
[05:32:48] === SUNNY WORLD closed ===
[05:32:56] === SUNNY WORLD started ===
[05:33:41] Saved: saves/TRY.dat
[05:33:41] === SUNNY WORLD closed ===
[05:33:53] === SUNNY WORLD started ===
[05:35:24] Saved: saves/TRY.dat
[05:35:24] === SUNNY WORLD closed ===
[05:35:32] === SUNNY WORLD started ===
[05:37:34] Saved: saves/TRY.dat
[05:37:34] === SUNNY WORLD closed ===
[05:37:42] === SUNNY WORLD started ===
[05:38:09] Saved: saves/TRY.dat
[05:38:09] === SUNNY WORLD closed ===
[06:10:31] === SUNNY WORLD started ===
[06:12:41] Saved: saves/TRY.dat
[06:12:41] === SUNNY WORLD closed ===
[07:43:35] === SUNNY WORLD started ===
[07:46:36] Saved: saves/TRY.dat
[07:46:36] === SUNNY WORLD closed ===
[07:51:40] === SUNNY WORLD started ===
[07:58:49] New day 32
[07:58:58] Saved: saves/TRY.dat
[08:03:53] New day 30
[08:07:37] Saved: saves/ADMIN.dat
[08:07:37] === SUNNY WORLD closed ===
[08:07:51] === SUNNY WORLD started ===
[08:27:05] Saved: saves/TRY.dat
[08:27:05] === SUNNY WORLD closed ===
[08:27:19] === SUNNY WORLD started ===
[08:35:24] Saved: saves/ADMIN.dat
[08:35:24] === SUNNY WORLD closed ===
[08:35:54] === SUNNY WORLD started ===
[09:01:02] Saved: saves/ADMIN.dat
[09:01:02] === SUNNY WORLD closed ===
[09:01:21] === SUNNY WORLD started ===
[09:07:38] New day 31
[09:12:39] New day 32
[10:16:13] Saved: saves/ADMIN.dat
[10:16:13] === SUNNY WORLD closed ===
[11:59:59] === SUNNY WORLD started ===
[12:01:24] === SUNNY WORLD started ===
[12:10:32] === SUNNY WORLD started ===
[23:58:47] === SUNNY WORLD started ===
[00:09:38] === SUNNY WORLD started ===
[00:18:02] === SUNNY WORLD started ===
[00:19:33] === SUNNY WORLD started ===
[00:51:32] === SUNNY WORLD started ===
[00:56:51] New day 2
[00:56:51] Saved: saves/ADMIN.dat
[01:03:45] Saved: saves/ADMIN.dat
[01:03:45] === SUNNY WORLD closed ===
[01:04:01] === SUNNY WORLD started ===
[01:14:59] New day 3
[01:14:59] Saved: saves/ADMIN.dat
[01:15:45] Saved: saves/ADMIN.dat
[01:15:47] Saved: saves/ADMIN.dat
[01:15:55] Saved: saves/ADMIN.dat
[01:15:55] Saved: saves/ADMIN.dat
[01:18:13] Saved: saves/ADMIN.dat
[01:18:13] === SUNNY WORLD closed ===
[02:12:43] === SUNNY WORLD started ===
[02:14:39] Saved: saves/ADMIN.dat
[02:14:39] === SUNNY WORLD closed ===
[02:15:40] === SUNNY WORLD started ===
[02:21:09] New day 2
[02:21:09] Saved: saves/ADMIN.dat
[02:24:40] Saved: saves/ADMIN.dat
[02:24:40] === SUNNY WORLD closed ===
[02:27:02] === SUNNY WORLD started ===
[02:32:07] New day 3
[02:32:07] Saved: saves/ADMIN.dat
[02:33:41] Saved: saves/ADMIN.dat
[02:33:41] === SUNNY WORLD closed ===
[02:37:10] === SUNNY WORLD started ===
[02:43:12] New day 4
[02:43:12] Saved: saves/ADMIN.dat
[02:46:13] Saved: saves/ADMIN.dat
[02:46:13] === SUNNY WORLD closed ===
[02:50:32] === SUNNY WORLD started ===
[03:00:09] Saved: saves/ADMIN.dat
[03:00:09] === SUNNY WORLD closed ===
[03:00:26] === SUNNY WORLD started ===
[03:01:02] Saved: saves/ADMIN.dat
[03:01:02] === SUNNY WORLD closed ===
[03:01:25] === SUNNY WORLD started ===
[03:06:37] New day 5
[03:06:37] Saved: saves/ADMIN.dat
[03:08:52] Saved: saves/ADMIN.dat
[03:08:52] === SUNNY WORLD closed ===
[03:10:27] === SUNNY WORLD started ===
[03:13:59] Saved: saves/ADMIN.dat
[03:13:59] === SUNNY WORLD closed ===
[03:14:16] === SUNNY WORLD started ===
[03:17:23] Saved: saves/ADMIN.dat
[03:17:23] === SUNNY WORLD closed ===
[03:17:32] === SUNNY WORLD started ===
[03:21:58] Saved: saves/ADMIN.dat
[03:21:58] === SUNNY WORLD closed ===
[03:22:13] === SUNNY WORLD started ===
[03:23:39] Saved: saves/ADMIN.dat
[03:23:39] === SUNNY WORLD closed ===
[03:23:47] === SUNNY WORLD started ===
[03:28:20] Saved: saves/ADMIN.dat
[03:28:45] Saved: saves/TRY.dat
[03:30:02] Saved: saves/THAO1.dat
[03:30:02] === SUNNY WORLD closed ===
[03:30:10] === SUNNY WORLD started ===
[03:30:16] Saved: saves/TRY.dat
[03:32:21] Saved: saves/THAO.dat
[03:32:21] === SUNNY WORLD closed ===
[03:32:28] === SUNNY WORLD started ===
[03:32:34] Saved: saves/THAO1.dat
[03:32:54] Saved: saves/TTT.dat
[03:33:18] Saved: saves/TRY.dat
[03:33:18] === SUNNY WORLD closed ===
[03:33:44] === SUNNY WORLD started ===
[03:38:26] Saved: saves/ADMIN.dat
[03:39:35] Saved: saves/THAO1.dat
[03:42:01] Saved: saves/THAO1.dat
[03:44:25] New day 2
[03:44:25] Saved: saves/THAO1.dat
[03:46:08] Saved: saves/THAO1.dat
[03:46:08] === SUNNY WORLD closed ===
[03:48:19] === SUNNY WORLD started ===
[03:49:32] Saved: saves/THAO.dat
[03:56:14] Saved: saves/THAO.dat
[03:56:14] === SUNNY WORLD closed ===
[03:56:24] === SUNNY WORLD started ===
[03:57:19] Saved: saves/ADMIN.dat
[03:58:08] Saved: saves/ADMIN.dat
[04:16:47] Saved: saves/ADMIN.dat
[04:16:47] === SUNNY WORLD closed ===
[04:18:05] === SUNNY WORLD started ===
[04:18:21] Saved: saves/ADMIN.dat
[04:23:10] New day 2
[04:23:10] Saved: saves/ADMIN.dat
[04:25:01] Saved: saves/ADMIN.dat
[04:25:01] Saved: saves/ADMIN.dat
[04:26:14] === SUNNY WORLD closed ===
[04:31:06] === SUNNY WORLD started ===
[04:33:46] Saved: saves/ADMIN.dat
[04:33:46] === SUNNY WORLD closed ===
[04:41:10] === SUNNY WORLD started ===
[04:43:45] Saved: saves/ADMIN.dat
[04:43:45] === SUNNY WORLD closed ===
[04:47:28] === SUNNY WORLD started ===
[04:51:19] Saved: saves/ADMIN.dat
[04:51:19] === SUNNY WORLD closed ===
[04:51:36] === SUNNY WORLD started ===
[04:56:59] Saved: saves/ADMIN.dat
[04:56:59] === SUNNY WORLD closed ===
[04:58:27] === SUNNY WORLD started ===
[05:01:10] Saved: saves/ADMIN.dat
[05:01:10] === SUNNY WORLD closed ===
[05:01:17] === SUNNY WORLD started ===
[05:04:14] Saved: saves/ADMIN.dat
[05:04:14] === SUNNY WORLD closed ===
[05:04:27] === SUNNY WORLD started ===
[05:08:39] Saved: saves/ADMIN.dat
[05:08:42] Saved: saves/ADMIN.dat
[05:09:31] New day 3
[05:09:31] Saved: saves/ADMIN.dat
[05:09:37] Saved: saves/ADMIN.dat
[05:09:37] === SUNNY WORLD closed ===
[05:09:45] === SUNNY WORLD started ===
[05:10:30] Saved: saves/ADMIN.dat
[05:10:30] === SUNNY WORLD closed ===
[10:06:13] === SUNNY WORLD started ===
[10:10:56] Saved: saves/ADMIN.dat
[10:27:42] Saved: saves/ADMIN.dat
[10:27:42] === SUNNY WORLD closed ===
[10:27:59] === SUNNY WORLD started ===
[10:33:16] New day 2
[10:33:16] Saved: saves/ADMIN.dat
[10:39:15] Saved: saves/ADMIN.dat
[10:39:15] === SUNNY WORLD closed ===
[10:39:35] === SUNNY WORLD started ===
[10:44:02] Saved: saves/ADMIN.dat
[10:44:02] === SUNNY WORLD closed ===
[10:44:17] === SUNNY WORLD started ===
[10:49:36] New day 3
[10:49:36] Saved: saves/ADMIN.dat
[10:50:33] Saved: saves/ADMIN.dat
[10:50:33] === SUNNY WORLD closed ===
[10:50:49] === SUNNY WORLD started ===
[10:54:54] Saved: saves/ADMIN.dat
[10:54:54] === SUNNY WORLD closed ===
[10:55:08] === SUNNY WORLD started ===
[10:59:04] Saved: saves/ADMIN.dat
[10:59:04] === SUNNY WORLD closed ===
[10:59:21] === SUNNY WORLD started ===
[11:04:26] New day 4
[11:04:27] Saved: saves/ADMIN.dat
[11:04:47] Saved: saves/ADMIN.dat
[11:04:47] === SUNNY WORLD closed ===
[11:05:02] === SUNNY WORLD started ===
[11:10:06] New day 5
[11:10:06] Saved: saves/ADMIN.dat
[11:15:08] New day 6
[11:15:08] Saved: saves/ADMIN.dat
[11:35:00] Saved: saves/ADMIN.dat
[11:35:00] Saved: saves/ADMIN.dat
[11:35:17] Saved: saves/ADMIN.dat
[11:35:17] Saved: saves/ADMIN.dat
[12:57:25] === SUNNY WORLD closed ===
[17:55:53] === SUNNY WORLD started ===
[17:56:40] Saved: saves/ADMIN.dat
[17:56:40] Saved: saves/ADMIN.dat
[18:01:23] Saved: saves/ADMIN.dat
[18:01:23] === SUNNY WORLD closed ===
[18:01:31] === SUNNY WORLD started ===
[18:02:23] Saved: saves/ADMIN.dat
[18:02:23] Saved: saves/ADMIN.dat
[18:02:23] Saved: saves/ADMIN.dat
[18:07:41] New day 7
[18:07:41] Saved: saves/ADMIN.dat
[18:09:11] Saved: saves/ADMIN.dat
[18:09:11] Saved: saves/ADMIN.dat
[18:09:11] Saved: saves/ADMIN.dat
[18:10:36] Saved: saves/ADMIN.dat
[18:10:36] === SUNNY WORLD closed ===
[18:12:32] === SUNNY WORLD started ===
[18:15:41] Saved: saves/ADMIN.dat
[18:15:41] === SUNNY WORLD closed ===
[18:15:48] === SUNNY WORLD started ===
[18:20:42] Saved: saves/ADMIN.dat
[18:20:42] === SUNNY WORLD closed ===
[18:20:50] === SUNNY WORLD started ===
[18:22:29] Saved: saves/ADMIN.dat
[18:22:29] === SUNNY WORLD closed ===
[18:23:43] === SUNNY WORLD started ===
[18:28:53] New day 8
[18:28:53] Saved: saves/ADMIN.dat
[18:31:20] Saved: saves/ADMIN.dat
[18:31:20] === SUNNY WORLD closed ===
[18:31:28] === SUNNY WORLD started ===
[18:32:06] Saved: saves/ADMIN.dat
[18:32:06] === SUNNY WORLD closed ===
[18:32:13] === SUNNY WORLD started ===
[18:33:16] Saved: saves/ADMIN.dat
[18:33:16] === SUNNY WORLD closed ===
[18:33:24] === SUNNY WORLD started ===
[18:33:40] Saved: saves/ADMIN.dat
[18:33:40] === SUNNY WORLD closed ===
[18:33:49] === SUNNY WORLD started ===
[18:36:56] Saved: saves/ADMIN.dat
[18:36:56] Saved: saves/ADMIN.dat
[18:36:56] Saved: saves/ADMIN.dat
[18:42:08] New day 9
[18:42:08] Saved: saves/ADMIN.dat
[18:47:08] New day 10
[18:47:08] Saved: saves/ADMIN.dat
[18:50:05] Saved: saves/ADMIN.dat
[18:50:05] === SUNNY WORLD closed ===
[18:50:14] === SUNNY WORLD started ===
[18:55:21] New day 11
[18:55:21] Saved: saves/ADMIN.dat
[19:00:22] New day 12
[19:00:22] Saved: saves/ADMIN.dat
[19:05:22] New day 13
[19:05:22] Saved: saves/ADMIN.dat
[19:10:22] New day 14
[19:10:22] Saved: saves/ADMIN.dat
[19:15:22] New day 15
[19:15:22] Saved: saves/ADMIN.dat
[19:20:22] New day 16
[19:20:22] Saved: saves/ADMIN.dat
[19:22:45] Saved: saves/ADMIN.dat
[19:22:45] === SUNNY WORLD closed ===
[19:35:14] === SUNNY WORLD started ===
[19:36:29] Saved: saves/TRY.dat
[19:36:29] === SUNNY WORLD closed ===
[22:45:25] === SUNNY WORLD started ===
[22:48:55] Saved: saves/ADMIN.dat
[22:48:55] === SUNNY WORLD closed ===
[22:50:42] === SUNNY WORLD started ===
[22:56:51] Saved: saves/ADMIN.dat
[22:56:51] === SUNNY WORLD closed ===
[22:57:01] === SUNNY WORLD started ===
[23:02:07] New day 17
[23:02:07] Saved: saves/ADMIN.dat
[23:07:08] New day 18
[23:07:08] Saved: saves/ADMIN.dat
[23:12:08] New day 19
[23:12:08] Saved: saves/ADMIN.dat
[23:12:43] Saved: saves/ADMIN.dat
[23:12:43] === SUNNY WORLD closed ===
[23:12:51] === SUNNY WORLD started ===
[23:18:23] New day 20
[23:18:23] Saved: saves/ADMIN.dat
[23:19:48] Saved: saves/ADMIN.dat
[23:19:48] === SUNNY WORLD closed ===
[23:19:58] === SUNNY WORLD started ===
[23:20:14] Saved: saves/ADMIN.dat
[23:25:40] Saved: saves/TRY.dat
[23:25:40] === SUNNY WORLD closed ===
[23:25:47] === SUNNY WORLD started ===
[23:30:51] New day 2
[23:30:51] Saved: saves/ADMIN.dat
[23:34:24] Saved: saves/ADMIN.dat
[23:34:24] === SUNNY WORLD closed ===
[23:34:31] === SUNNY WORLD started ===
[23:37:55] Saved: saves/ADMIN.dat
[23:37:55] === SUNNY WORLD closed ===
[23:46:55] === SUNNY WORLD started ===
[23:52:02] New day 3
[23:52:02] Saved: saves/ADMIN.dat
[23:52:02] Saved: saves/ADMIN.dat
[23:52:02] === SUNNY WORLD closed ===
[23:52:12] === SUNNY WORLD started ===
[23:55:32] Saved: saves/ADMIN.dat
[23:55:32] === SUNNY WORLD closed ===
[23:56:58] === SUNNY WORLD started ===
[23:59:20] Saved: saves/ADMIN.dat
[23:59:20] === SUNNY WORLD closed ===
[23:59:28] === SUNNY WORLD started ===
[23:59:46] Saved: saves/ADMIN.dat
[23:59:46] === SUNNY WORLD closed ===
[23:59:58] === SUNNY WORLD started ===
[00:00:15] Saved: saves/ADMIN.dat
[00:00:15] === SUNNY WORLD closed ===
[00:00:44] === SUNNY WORLD started ===
[00:01:27] Saved: saves/ADMIN.dat
[00:01:27] === SUNNY WORLD closed ===
[00:01:35] === SUNNY WORLD started ===
[00:05:27] Saved: saves/ADMIN.dat
[00:05:27] === SUNNY WORLD closed ===
[00:22:51] === SUNNY WORLD started ===
[00:27:55] New day 4
[00:27:55] Saved: saves/ADMIN.dat
[00:31:32] Saved: saves/ADMIN.dat
[00:31:32] === SUNNY WORLD closed ===
[22:28:19] === SUNNY WORLD started ===
[22:30:56] Saved: saves/ADMIN.dat
[22:31:33] Saved: saves/ADMIN.dat
[22:31:34] Saved: saves/ADMIN.dat
[22:36:29] Saved: saves/ADMIN.dat
[22:36:29] === SUNNY WORLD closed ===
[22:39:29] === SUNNY WORLD started ===
[22:50:45] Saved: saves/ADMIN.dat
[23:07:41] Saved: saves/ADMIN.dat
[23:07:41] === SUNNY WORLD closed ===
[23:08:14] === SUNNY WORLD started ===
[23:14:17] Saved: saves/ADMIN.dat
[23:14:17] === SUNNY WORLD closed ===
[23:14:27] === SUNNY WORLD started ===
[23:21:18] Saved: saves/ADMIN.dat
[23:21:18] === SUNNY WORLD closed ===
[23:21:26] === SUNNY WORLD started ===
[23:28:08] Saved: saves/ADMIN.dat
[23:28:08] === SUNNY WORLD closed ===
[23:28:16] === SUNNY WORLD started ===
[23:33:22] New day 5
[23:33:22] Saved: saves/ADMIN.dat
[23:43:38] Saved: saves/ADMIN.dat
[23:43:38] === SUNNY WORLD closed ===
[23:46:46] === SUNNY WORLD started ===
[23:48:18] Saved: saves/ADMIN.dat
[23:48:18] Saved: saves/ADMIN.dat
[23:48:18] Saved: saves/ADMIN.dat
[23:53:39] Saved: saves/ADMIN.dat
[23:53:39] === SUNNY WORLD closed ===
[23:53:47] === SUNNY WORLD started ===
[23:54:20] Saved: saves/ADMIN.dat
[23:54:20] === SUNNY WORLD closed ===
[23:54:28] === SUNNY WORLD started ===
[23:55:59] Saved: saves/ADMIN.dat
[23:55:59] === SUNNY WORLD closed ===
[23:56:48] === SUNNY WORLD started ===
[23:57:24] Saved: saves/ADMIN.dat
[23:58:01] Saved: saves/ADMIN.dat
[00:01:36] Saved: saves/THAO.dat
[00:01:36] === SUNNY WORLD closed ===
[00:24:59] === SUNNY WORLD started ===
[00:25:28] === SUNNY WORLD started ===
[00:26:57] === SUNNY WORLD started ===
[00:28:38] === SUNNY WORLD started ===
[00:35:42] Saved: saves/ADMIN.dat
[00:39:28] Saved: saves/THAO.dat
[00:39:28] === SUNNY WORLD closed ===
[00:46:16] === SUNNY WORLD started ===
[00:47:16] Saved: saves/PLAYER.dat
[00:47:23] Saved: saves/ADMIN.dat
[00:52:23] Saved: saves/PLAYER.dat
[00:52:23] === SUNNY WORLD closed ===
[01:12:34] === SUNNY WORLD started ===
[01:14:40] === SUNNY WORLD started ===
[01:22:15] === SUNNY WORLD started ===
[01:25:39] === SUNNY WORLD started ===
[01:30:45] Saved: saves/ADMIN.dat
[01:30:45] === SUNNY WORLD closed ===
[01:30:57] === SUNNY WORLD started ===
[01:34:44] Saved: saves/ADMIN.dat
[01:34:44] === SUNNY WORLD closed ===
[01:34:55] === SUNNY WORLD started ===
[01:39:00] Saved: saves/ADMIN.dat
[01:39:00] === SUNNY WORLD closed ===
[01:39:21] === SUNNY WORLD started ===
[01:44:31] Saved: saves/ADMIN.dat
[01:45:38] === SUNNY WORLD closed ===
[01:45:50] === SUNNY WORLD started ===
[01:46:13] === SUNNY WORLD closed ===
[01:46:31] === SUNNY WORLD started ===
[01:46:42] === SUNNY WORLD closed ===
[01:47:01] === SUNNY WORLD started ===
[01:47:17] === SUNNY WORLD closed ===
[01:47:32] === SUNNY WORLD started ===
[01:48:14] === SUNNY WORLD closed ===
[01:48:24] === SUNNY WORLD started ===
[01:48:58] === SUNNY WORLD closed ===
[01:49:12] === SUNNY WORLD started ===
[01:49:40] === SUNNY WORLD closed ===
[01:49:50] === SUNNY WORLD started ===
[01:51:43] === SUNNY WORLD closed ===
[01:51:53] === SUNNY WORLD started ===
[01:52:22] === SUNNY WORLD closed ===
[01:52:35] === SUNNY WORLD started ===
[01:57:47] New day 2
[01:57:47] Saved: saves/ADMIN.dat
[02:00:55] Saved: saves/ADMIN.dat
[02:00:55] === SUNNY WORLD closed ===
[02:04:21] === SUNNY WORLD started ===
[02:05:47] Saved: saves/ADMIN.dat
[02:05:47] === SUNNY WORLD closed ===
[02:06:15] === SUNNY WORLD started ===
[02:06:43] Saved: saves/ADMIN.dat
[02:06:43] === SUNNY WORLD closed ===
[02:12:38] === SUNNY WORLD started ===
[02:15:45] Saved: saves/ADMIN.dat
[02:15:45] === SUNNY WORLD closed ===
[02:22:01] === SUNNY WORLD started ===
[02:32:33] New day 3
[02:32:33] Saved: saves/ADMIN.dat
[02:32:58] Saved: saves/ADMIN.dat
[02:32:58] === SUNNY WORLD closed ===
[02:33:11] === SUNNY WORLD started ===
[02:38:54] Saved: saves/ADMIN.dat
[02:38:54] === SUNNY WORLD closed ===
[02:39:04] === SUNNY WORLD started ===
[03:03:57] Saved: saves/ADMIN.dat
[03:03:57] === SUNNY WORLD closed ===
[03:18:40] === SUNNY WORLD started ===
[03:22:05] === SUNNY WORLD started ===
[03:28:21] === SUNNY WORLD started ===
[03:40:17] === SUNNY WORLD started ===
[03:40:57] Saved: saves/ADMIN.dat
[03:40:57] === SUNNY WORLD closed ===
[17:15:33] === SUNNY WORLD started ===
[17:15:51] Saved: saves/ADMIN.dat
[17:22:23] Saved: saves/XXXX.dat
[17:22:23] === SUNNY WORLD closed ===
[17:22:59] === SUNNY WORLD started ===
[17:23:50] Saved: saves/ADMIN.dat
[17:23:50] === SUNNY WORLD closed ===
[17:23:58] === SUNNY WORLD started ===
[17:25:57] === SUNNY WORLD started ===
[17:27:51] Saved: saves/ADMIN.dat
[17:27:51] === SUNNY WORLD closed ===
[17:29:39] === SUNNY WORLD started ===
[17:30:11] Saved: saves/ADMIN.dat
[17:30:54] Saved: saves/ADMIN.dat
[17:30:54] === SUNNY WORLD closed ===
[17:31:03] === SUNNY WORLD started ===
[17:32:03] Saved: saves/ADMIN.dat
[17:32:03] === SUNNY WORLD closed ===
[17:36:53] === SUNNY WORLD started ===
[17:41:58] New day 4
[17:41:58] Saved: saves/ADMIN.dat
[17:46:58] New day 5
[17:46:58] Saved: saves/ADMIN.dat
[17:51:59] New day 6
[17:51:59] Saved: saves/ADMIN.dat
[17:57:07] New day 7
[17:57:07] Saved: saves/ADMIN.dat
[18:02:07] New day 8
[18:02:07] Saved: saves/ADMIN.dat
[18:07:07] New day 9
[18:07:07] Saved: saves/ADMIN.dat
[18:12:07] New day 10
[18:12:07] Saved: saves/ADMIN.dat
[18:17:07] New day 11
[18:17:07] Saved: saves/ADMIN.dat
[18:22:07] New day 12
[18:22:07] Saved: saves/ADMIN.dat
[18:27:07] New day 13
[18:27:07] Saved: saves/ADMIN.dat
[18:32:07] New day 14
[18:32:07] Saved: saves/ADMIN.dat
[18:37:07] New day 15
[18:37:07] Saved: saves/ADMIN.dat
[18:42:07] New day 16
[18:42:07] Saved: saves/ADMIN.dat
[18:44:15] Saved: saves/ADMIN.dat
[18:44:15] === SUNNY WORLD closed ===
[22:34:09] === SUNNY WORLD started ===
[22:44:37] New day 17
[22:44:37] Saved: saves/ADMIN.dat
[22:47:50] Saved: saves/ADMIN.dat
[22:47:50] Saved: saves/ADMIN.dat
[22:47:50] Saved: saves/ADMIN.dat
[23:53:25] === SUNNY WORLD closed ===
[23:53:37] === SUNNY WORLD started ===
[23:57:13] Saved: saves/ADMIN.dat
[23:58:22] === SUNNY WORLD closed ===
[00:00:26] === SUNNY WORLD started ===
[00:01:45] === SUNNY WORLD closed ===
[00:02:26] === SUNNY WORLD started ===
[00:03:32] Saved: saves/ADMIN.dat
[00:03:32] Saved: saves/ADMIN.dat
[00:03:32] Saved: saves/ADMIN.dat
[00:10:48] Saved: saves/ADMIN.dat
[00:13:52] Saved: saves/TRY.dat
[00:13:52] === SUNNY WORLD closed ===
[00:14:06] === SUNNY WORLD started ===
[00:18:34] Saved: saves/ADMIN.dat
[00:18:34] === SUNNY WORLD closed ===
[00:18:45] === SUNNY WORLD started ===
[00:20:55] Saved: saves/ADMIN.dat
[00:20:55] === SUNNY WORLD closed ===
[00:21:34] === SUNNY WORLD started ===
[00:26:39] New day 5
[00:26:39] Saved: saves/ADMIN.dat
[00:27:47] Saved: saves/ADMIN.dat
[00:27:47] === SUNNY WORLD closed ===
[00:27:57] === SUNNY WORLD started ===
[00:29:19] Saved: saves/ADMIN.dat
[00:30:47] === SUNNY WORLD closed ===
[00:30:57] === SUNNY WORLD started ===
[00:34:53] Saved: saves/ADMIN.dat
[00:35:34] Saved: saves/BBBB.dat
[00:40:41] New day 2
[00:40:41] Saved: saves/BBBB.dat
[00:45:41] New day 3
[00:45:41] Saved: saves/BBBB.dat
[00:51:44] Saved: saves/BBBB.dat
[00:51:44] === SUNNY WORLD closed ===
[00:52:58] === SUNNY WORLD started ===
[00:53:17] Saved: saves/LYTHAO.dat
[00:53:17] === SUNNY WORLD closed ===
[00:53:28] === SUNNY WORLD started ===
[00:54:10] Saved: saves/LYTHAO.dat
[00:56:34] Saved: saves/ADMIN.dat
[00:57:14] Saved: saves/ADMIN.dat
[00:57:14] === SUNNY WORLD closed ===
[00:57:24] === SUNNY WORLD started ===
[01:03:38] Saved: saves/ADMIN.dat
[01:03:38] === SUNNY WORLD closed ===
[01:04:18] === SUNNY WORLD started ===
[01:08:28] Saved: saves/ADMIN.dat
[01:08:28] === SUNNY WORLD closed ===
[06:22:45] === SUNNY WORLD started ===
[06:23:52] Saved: saves/ADMIN.dat
[06:24:03] === SUNNY WORLD closed ===
[06:27:00] === SUNNY WORLD started ===
[06:27:08] === SUNNY WORLD closed ===
[06:27:26] === SUNNY WORLD started ===
[06:27:38] === SUNNY WORLD closed ===
[06:28:01] === SUNNY WORLD started ===
[06:28:20] === SUNNY WORLD closed ===
[06:28:43] === SUNNY WORLD started ===
[06:28:52] === SUNNY WORLD closed ===
[06:30:02] === SUNNY WORLD started ===
[06:31:31] Saved: saves/ADMIN.dat
[06:31:31] === SUNNY WORLD closed ===
[06:32:33] === SUNNY WORLD started ===
[06:32:47] Saved: saves/ADMIN.dat
[06:32:47] === SUNNY WORLD closed ===
[09:14:53] === SUNNY WORLD started ===
[09:14:55] === SUNNY WORLD closed ===
